> Task :app:checkKotlinGradlePluginConfigurationErrors
> Task :app:preBuild UP-TO-DATE
> Task :app:preDebugBuild UP-TO-DATE
> Task :app:generateDebugBuildConfig UP-TO-DATE
> Task :app:checkDebugAarMetadata UP-TO-DATE
> Task :app:generateDebugResValues UP-TO-DATE
> Task :app:mapDebugSourceSetPaths UP-TO-DATE
> Task :app:generateDebugResources UP-TO-DATE
> Task :app:mergeDebugResources UP-TO-DATE
> Task :app:packageDebugResources UP-TO-DATE
> Task :app:parseDebugLocalResources UP-TO-DATE
> Task :app:createDebugCompatibleScreenManifests UP-TO-DATE
> Task :app:extractDeepLinksDebug UP-TO-DATE
> Task :app:processDebugMainManifest UP-TO-DATE
> Task :app:processDebugManifest UP-TO-DATE
> Task :app:processDebugManifestForPackage UP-TO-DATE
> Task :app:processDebugResources UP-TO-DATE
> Task :app:kspDebugKotlin UP-TO-DATE

> Task :app:compileDebugKotlin
e: file:///media/hemis/code/github/net-watch/app/src/main/java/com/netwatch/app/ui/MainViewModel.kt:140:32 Unresolved reference: speedTests
e: file:///media/hemis/code/github/net-watch/app/src/main/java/com/netwatch/app/ui/MainViewModel.kt:145:21 Unresolved reference: speedTests
e: file:///media/hemis/code/github/net-watch/app/src/main/java/com/netwatch/app/ui/screen/SettingsScreen.kt:206:17 This material API is experimental and is likely to change or to be removed in the future.
e: file:///media/hemis/code/github/net-watch/app/src/main/java/com/netwatch/app/ui/screen/SettingsScreen.kt:208:25 This material API is experimental and is likely to change or to be removed in the future.
e: file:///media/hemis/code/github/net-watch/app/src/main/java/com/netwatch/app/ui/screen/SettingsScreen.kt:209:37 This material API is experimental and is likely to change or to be removed in the future.
e: file:///media/hemis/code/github/net-watch/app/src/main/java/com/netwatch/app/ui/screen/SettingsScreen.kt:209:61 This material API is experimental and is likely to change or to be removed in the future.

> Task :app:compileDebugKotlin FAILED

FAILURE: Build failed with an exception.

* What went wrong:
Execution failed for task ':app:compileDebugKotlin'.
> A failure occurred while executing org.jetbrains.kotlin.compilerRunner.GradleCompilerRunnerWithWorkers$GradleKotlinCompilerWorkAction
   > Compilation error. See log for more details

* Try:
> Run with --stacktrace option to get the stack trace.
> Run with --info or --debug option to get more log output.
> Run with --scan to get full insights.
> Get more help at https://help.gradle.org.

BUILD FAILED in 3s
17 actionable tasks: 2 executed, 15 up-to-date
